Using config file ./config/PhysiCell_settings.xml ... 
Setting up RNG with seed 0
0
dc? 0
User parameters in XML config file: 
Bool parameters:: 

Int parameters:: 
random_seed: 0 [dimensionless]
number_of_cells: 0 [none]

Double parameters:: 

String parameters:: 


which boundaries?
0 0 0 0 0 0

Microenvironment summary: microenvironment: 

Mesh information: 
type: uniform Cartesian
Domain: [-30,30] micron x [-30,30] micron x [-30,30] micron
   resolution: dx = 20 micron
   voxels: 27
   voxel faces: 0
   volume: 216000 cubic micron
Densities: (1 total)
   oxygen:
     units: dimensionless
     diffusion coefficient: 0 micron^2 / min
     decay rate: 0 min^-1
     diffusion length scale: 0 micron
     initial condition: 0 dimensionless
     boundary condition: 6022 dimensionless (enabled: false)

WARNING: Setting the random seed again.
	You probably have set a user parameter called random_seed.
	Here, we will use the random seed set in user parameters.
	HOWEVER, as of PhysiCell 1.14.0, you should set the random seed in the <options><random_seed> element in the config file.
	Future versions of PhysiCell may throw an error here. Kindly remove the user parameter and just use the <options><random_seed> element.
Setting up RNG with seed 0
virtual_wall_at_domain_edge: enabled
Pre-processing type 0 named default
Processing default ... 
what?!?
  --------- attachment_elastic_constant = 0.01
Warning: When processing the default cell definition: 
	Could not find cell type malignant epithelial for phagocytosis.
	Ignoring this live phagocytosis rate!

Warning: When processing the default cell definition: 
	Could not find cell type malignant epithelial for cell attack.
	Ignoring this cell attack rate!

Warning: When processing the default cell definition: 
	Could not find cell type malignant epithelial for cell fusion.
	Ignoring this cell fusion rate!

Warning: When processing the default cell definition: 
	Could not find cell type malignant epithelial for cell transformation.
	Ignoring this cell transformation rate!

Signals: 
=======
0 : oxygen
1 : intracellular oxygen
2 : oxygen gradient
3 : pressure
4 : volume
5 : contact with default
6 : contact with live cell
7 : contact with dead cell
8 : contact with apoptotic cell
9 : contact with necrotic cell
10 : contact with other dead cell
11 : contact with basement membrane
12 : damage
13 : damage delivered
14 : attacking
15 : dead
16 : total attack time
17 : time
18 : custom:sample
19 : apoptotic
20 : necrotic


Behaviors: 
=========
0 : oxygen secretion
1 : oxygen secretion target
2 : oxygen uptake
3 : oxygen export
4 : cycle entry
5 : exit from cycle phase 1
6 : exit from cycle phase 2
7 : exit from cycle phase 3
8 : exit from cycle phase 4
9 : exit from cycle phase 5
10 : apoptosis
11 : necrosis
12 : migration speed
13 : migration bias
14 : migration persistence time
15 : chemotactic response to oxygen
16 : cell-cell adhesion
17 : cell-cell adhesion elastic constant
18 : adhesive affinity to default
19 : relative maximum adhesion distance
20 : cell-cell repulsion
21 : cell-BM adhesion
22 : cell-BM repulsion
23 : phagocytose apoptotic cell
24 : phagocytose necrotic cell
25 : phagocytose other dead cell
26 : phagocytose default
27 : attack default
28 : fuse to default
29 : transition to default
30 : asymmetric division to default
31 : custom:sample
32 : is_movable
33 : immunogenicity to default
34 : cell attachment rate
35 : cell detachment rate
36 : maximum number of cell attachments
37 : attack damage rate
38 : attack duration
39 : damage rate
40 : damage repair rate


0 :: type:0 name: default
	 cycle model: Live (code=5)
		Phase 0: Live
		Cycle transitions: 
		-----------------
		Live --> Live w mean duration inf min
	 death models: 
		0 : Apoptosis (code=100) with rate 0 1/min
		death phase transitions: 
		------------------------
		Apoptotic --> Debris w mean duration 516 min
		1 : Necrosis (code=101) with rate 0 1/min
		death phase transitions: 
		------------------------
		Necrotic (swelling) --> Necrotic (lysed) w mean duration 1e-16 min
		Necrotic (lysed) --> Debris w mean duration 86400 min
	 key functions: 
		 migration bias rule: false
		 custom rule: true
		 phenotype rule: true
		 volume update function: false
		 mechanics function: true
		 contact function: false
		 cell division function: false
	motility (enabled: true in 2D)
		speed: 0 micron/min
		bias: 1 
		persistence time: 10 min
		chemotaxis (enabled: false)
			along 1 * grad(oxygen) 
	mechanics:
		cell_cell_adhesion_strength: 0.4
		cell_cell_repulsion_strength: 10
		rel max adhesion dist: 1.25
		cell_BM_adhesion_strength: 4
		cell_BM_repulsion_strength: 100
		attachment_elastic_constant: 0.01
		attachment_rate: 0
		detachment_rate: 0
	custom data: 
		sample: 1 dimensionless
	custom vector data: 
			NOTE: custom vector data will eventually be merged with custom data
Loading cells from CSV file ./config/cells.csv ... 
Loading cells from simple (v1) CSV file ./config/cells.csv ... 
Creating default (type=0) at 0 0 0 
Copying ./config/cells.csv to output folder.
Copy command: cp ./config/cells.csv ../results/mechanics_movement/cells.csv
setup_tissue(): INITIALIZED motility_vector = 0 0 0 
setup_tissue(): pCell->velocity = 0 0 0 
migration_speed = 0
motility_vector = 0 0 0 
Using PhysiCell version 1.14.2
	Please cite DOI: 10.1371/journal.pcbi.1005991
	Project website: http://physicell.org

See ALL_CITATIONS.txt for this list.
current simulated time: 0 min (max: 4 min)
total agents: 1
interval wall time: 0 days, 0 hours, 0 minutes, and 1.4242e-05 seconds 
total wall time: 0 days, 0 hours, 0 minutes, and 2.0294e-05 seconds 


Using method diffusion_decay_solver__constant_coefficients_LOD_3D (implicit 3-D LOD with Thomas Algorithm) ... 

[CUSTOM_FUNC] time=0 dt=0.1
[CUSTOM_FUNC] velocity=0 0 0  migration_speed=10 motility_vector=10 0 0  is_motile=1
[CONTAINER] update_velocity check: functions.update_velocity=SET is_out_of_domain=0 is_movable=1
[CONTAINER] CALLING update_velocity with dt=0.1
[UPDATE_MOTILITY] is_motile=true, dt_=0.1, persistence_time=10
[UPDATE_MOTILITY] Direction NOT resampled - keeping motility_vector=10 0 0 
[VELOCITY_UPDATE] Before: velocity=0 0 0  motility_vector=10 0 0 
[VELOCITY_UPDATE] After: velocity=10 0 0 
[CONTAINER] update_position check: is_out_of_domain=0 is_movable=1
[CONTAINER] CALLING update_position with dt=0.1 current pos=0 0 0 
[POSITION_UPDATE] old_pos=0 0 0  velocity=10 0 0  prev_velocity=0 0 0 
[POSITION_UPDATE] new_pos=1.5 0 0  displacement=1.5
[POSITION_UPDATE] Resetting velocity from 10 0 0  to 0
[CONTAINER] After update_position: new pos=1.5 0 0 
current simulated time: 0.1 min (max: 4 min)
total agents: 1
interval wall time: 0 days, 0 hours, 0 minutes, and 0.00329123 seconds 
total wall time: 0 days, 0 hours, 0 minutes, and 0.00332227 seconds 

[CUSTOM_FUNC] time=0.1 dt=0.1
[CUSTOM_FUNC] DISABLING MOTION at time=0.1
[CUSTOM_FUNC] velocity=0 0 0  migration_speed=0 motility_vector=0 0 0  is_motile=0
[CONTAINER] update_velocity check: functions.update_velocity=SET is_out_of_domain=0 is_movable=1
[CONTAINER] CALLING update_velocity with dt=0.1
[UPDATE_MOTILITY] Cell is NOT motile, motility_vector set to 0
[VELOCITY_UPDATE] Before: velocity=0 0 0  motility_vector=0 0 0 
[VELOCITY_UPDATE] After: velocity=0 0 0 
[CONTAINER] update_position check: is_out_of_domain=0 is_movable=1
[CONTAINER] CALLING update_position with dt=0.1 current pos=1.5 0 0 
[POSITION_UPDATE] old_pos=1.5 0 0  velocity=0 0 0  prev_velocity=0 0 0 
[POSITION_UPDATE] new_pos=1.5 0 0  displacement=0
[POSITION_UPDATE] Resetting velocity from 0 0 0  to 0
[CONTAINER] After update_position: new pos=1.5 0 0 
current simulated time: 0.2 min (max: 4 min)
total agents: 1
interval wall time: 0 days, 0 hours, 0 minutes, and 0.0039532 seconds 
total wall time: 0 days, 0 hours, 0 minutes, and 0.0072854 seconds 

[CUSTOM_FUNC] time=0.2 dt=0.1
[CUSTOM_FUNC] DISABLING MOTION at time=0.2
[CUSTOM_FUNC] velocity=0 0 0  migration_speed=0 motility_vector=0 0 0  is_motile=0
[CONTAINER] update_velocity check: functions.update_velocity=SET is_out_of_domain=0 is_movable=1
[CONTAINER] CALLING update_velocity with dt=0.1
[UPDATE_MOTILITY] Cell is NOT motile, motility_vector set to 0
[VELOCITY_UPDATE] Before: velocity=0 0 0  motility_vector=0 0 0 
[VELOCITY_UPDATE] After: velocity=0 0 0 
[CONTAINER] update_position check: is_out_of_domain=0 is_movable=1
[CONTAINER] CALLING update_position with dt=0.1 current pos=1.5 0 0 
[POSITION_UPDATE] old_pos=1.5 0 0  velocity=0 0 0  prev_velocity=0 0 0 
[POSITION_UPDATE] new_pos=1.5 0 0  displacement=0
[POSITION_UPDATE] Resetting velocity from 0 0 0  to 0
[CONTAINER] After update_position: new pos=1.5 0 0 
current simulated time: 0.3 min (max: 4 min)
total agents: 1
interval wall time: 0 days, 0 hours, 0 minutes, and 0.00450186 seconds 
total wall time: 0 days, 0 hours, 0 minutes, and 0.0117981 seconds 

[CUSTOM_FUNC] time=0.3 dt=0.1
[CUSTOM_FUNC] DISABLING MOTION at time=0.3
[CUSTOM_FUNC] velocity=0 0 0  migration_speed=0 motility_vector=0 0 0  is_motile=0
[CONTAINER] update_velocity check: functions.update_velocity=SET is_out_of_domain=0 is_movable=1
[CONTAINER] CALLING update_velocity with dt=0.1
[UPDATE_MOTILITY] Cell is NOT motile, motility_vector set to 0
[VELOCITY_UPDATE] Before: velocity=0 0 0  motility_vector=0 0 0 
[VELOCITY_UPDATE] After: velocity=0 0 0 
[CONTAINER] update_position check: is_out_of_domain=0 is_movable=1
[CONTAINER] CALLING update_position with dt=0.1 current pos=1.5 0 0 
[POSITION_UPDATE] old_pos=1.5 0 0  velocity=0 0 0  prev_velocity=0 0 0 
[POSITION_UPDATE] new_pos=1.5 0 0  displacement=0
[POSITION_UPDATE] Resetting velocity from 0 0 0  to 0
[CONTAINER] After update_position: new pos=1.5 0 0 
current simulated time: 0.4 min (max: 4 min)
total agents: 1
interval wall time: 0 days, 0 hours, 0 minutes, and 0.00399836 seconds 
total wall time: 0 days, 0 hours, 0 minutes, and 0.0158079 seconds 

[CUSTOM_FUNC] time=0.4 dt=0.1
[CUSTOM_FUNC] DISABLING MOTION at time=0.4
[CUSTOM_FUNC] velocity=0 0 0  migration_speed=0 motility_vector=0 0 0  is_motile=0
[CONTAINER] update_velocity check: functions.update_velocity=SET is_out_of_domain=0 is_movable=1
[CONTAINER] CALLING update_velocity with dt=0.1
[UPDATE_MOTILITY] Cell is NOT motile, motility_vector set to 0
[VELOCITY_UPDATE] Before: velocity=0 0 0  motility_vector=0 0 0 
[VELOCITY_UPDATE] After: velocity=0 0 0 
[CONTAINER] update_position check: is_out_of_domain=0 is_movable=1
[CONTAINER] CALLING update_position with dt=0.1 current pos=1.5 0 0 
[POSITION_UPDATE] old_pos=1.5 0 0  velocity=0 0 0  prev_velocity=0 0 0 
[POSITION_UPDATE] new_pos=1.5 0 0  displacement=0
[POSITION_UPDATE] Resetting velocity from 0 0 0  to 0
[CONTAINER] After update_position: new pos=1.5 0 0 
current simulated time: 0.5 min (max: 4 min)
total agents: 1
interval wall time: 0 days, 0 hours, 0 minutes, and 0.00439387 seconds 
total wall time: 0 days, 0 hours, 0 minutes, and 0.0202116 seconds 

[CUSTOM_FUNC] time=0.5 dt=0.1
[CUSTOM_FUNC] DISABLING MOTION at time=0.5
[CUSTOM_FUNC] velocity=0 0 0  migration_speed=0 motility_vector=0 0 0  is_motile=0
[CONTAINER] update_velocity check: functions.update_velocity=SET is_out_of_domain=0 is_movable=1
[CONTAINER] CALLING update_velocity with dt=0.1
[UPDATE_MOTILITY] Cell is NOT motile, motility_vector set to 0
[VELOCITY_UPDATE] Before: velocity=0 0 0  motility_vector=0 0 0 
[VELOCITY_UPDATE] After: velocity=0 0 0 
[CONTAINER] update_position check: is_out_of_domain=0 is_movable=1
[CONTAINER] CALLING update_position with dt=0.1 current pos=1.5 0 0 
[POSITION_UPDATE] old_pos=1.5 0 0  velocity=0 0 0  prev_velocity=0 0 0 
[POSITION_UPDATE] new_pos=1.5 0 0  displacement=0
[POSITION_UPDATE] Resetting velocity from 0 0 0  to 0
[CONTAINER] After update_position: new pos=1.5 0 0 
current simulated time: 0.6 min (max: 4 min)
total agents: 1
interval wall time: 0 days, 0 hours, 0 minutes, and 0.00468021 seconds 
total wall time: 0 days, 0 hours, 0 minutes, and 0.0249022 seconds 

[CUSTOM_FUNC] time=0.6 dt=0.1
[CUSTOM_FUNC] DISABLING MOTION at time=0.6
[CUSTOM_FUNC] velocity=0 0 0  migration_speed=0 motility_vector=0 0 0  is_motile=0
[CONTAINER] update_velocity check: functions.update_velocity=SET is_out_of_domain=0 is_movable=1
[CONTAINER] CALLING update_velocity with dt=0.1
[UPDATE_MOTILITY] Cell is NOT motile, motility_vector set to 0
[VELOCITY_UPDATE] Before: velocity=0 0 0  motility_vector=0 0 0 
[VELOCITY_UPDATE] After: velocity=0 0 0 
[CONTAINER] update_position check: is_out_of_domain=0 is_movable=1
[CONTAINER] CALLING update_position with dt=0.1 current pos=1.5 0 0 
[POSITION_UPDATE] old_pos=1.5 0 0  velocity=0 0 0  prev_velocity=0 0 0 
[POSITION_UPDATE] new_pos=1.5 0 0  displacement=0
[POSITION_UPDATE] Resetting velocity from 0 0 0  to 0
[CONTAINER] After update_position: new pos=1.5 0 0 
current simulated time: 0.7 min (max: 4 min)
total agents: 1
interval wall time: 0 days, 0 hours, 0 minutes, and 0.00408366 seconds 
total wall time: 0 days, 0 hours, 0 minutes, and 0.0289967 seconds 

[CUSTOM_FUNC] time=0.7 dt=0.1
[CUSTOM_FUNC] DISABLING MOTION at time=0.7
[CUSTOM_FUNC] velocity=0 0 0  migration_speed=0 motility_vector=0 0 0  is_motile=0
[CONTAINER] update_velocity check: functions.update_velocity=SET is_out_of_domain=0 is_movable=1
[CONTAINER] CALLING update_velocity with dt=0.1
[UPDATE_MOTILITY] Cell is NOT motile, motility_vector set to 0
[VELOCITY_UPDATE] Before: velocity=0 0 0  motility_vector=0 0 0 
[VELOCITY_UPDATE] After: velocity=0 0 0 
[CONTAINER] update_position check: is_out_of_domain=0 is_movable=1
[CONTAINER] CALLING update_position with dt=0.1 current pos=1.5 0 0 
[POSITION_UPDATE] old_pos=1.5 0 0  velocity=0 0 0  prev_velocity=0 0 0 
[POSITION_UPDATE] new_pos=1.5 0 0  displacement=0
[POSITION_UPDATE] Resetting velocity from 0 0 0  to 0
[CONTAINER] After update_position: new pos=1.5 0 0 
current simulated time: 0.8 min (max: 4 min)
total agents: 1
interval wall time: 0 days, 0 hours, 0 minutes, and 0.00433033 seconds 
total wall time: 0 days, 0 hours, 0 minutes, and 0.0333367 seconds 

[CUSTOM_FUNC] time=0.8 dt=0.1
[CUSTOM_FUNC] DISABLING MOTION at time=0.8
[CUSTOM_FUNC] velocity=0 0 0  migration_speed=0 motility_vector=0 0 0  is_motile=0
[CONTAINER] update_velocity check: functions.update_velocity=SET is_out_of_domain=0 is_movable=1
[CONTAINER] CALLING update_velocity with dt=0.1
[UPDATE_MOTILITY] Cell is NOT motile, motility_vector set to 0
[VELOCITY_UPDATE] Before: velocity=0 0 0  motility_vector=0 0 0 
[VELOCITY_UPDATE] After: velocity=0 0 0 
[CONTAINER] update_position check: is_out_of_domain=0 is_movable=1
[CONTAINER] CALLING update_position with dt=0.1 current pos=1.5 0 0 
[POSITION_UPDATE] old_pos=1.5 0 0  velocity=0 0 0  prev_velocity=0 0 0 
[POSITION_UPDATE] new_pos=1.5 0 0  displacement=0
[POSITION_UPDATE] Resetting velocity from 0 0 0  to 0
[CONTAINER] After update_position: new pos=1.5 0 0 
current simulated time: 0.9 min (max: 4 min)
total agents: 1
interval wall time: 0 days, 0 hours, 0 minutes, and 0.00452514 seconds 
total wall time: 0 days, 0 hours, 0 minutes, and 0.037873 seconds 

[CUSTOM_FUNC] time=0.9 dt=0.1
[CUSTOM_FUNC] DISABLING MOTION at time=0.9
[CUSTOM_FUNC] velocity=0 0 0  migration_speed=0 motility_vector=0 0 0  is_motile=0
[CONTAINER] update_velocity check: functions.update_velocity=SET is_out_of_domain=0 is_movable=1
[CONTAINER] CALLING update_velocity with dt=0.1
[UPDATE_MOTILITY] Cell is NOT motile, motility_vector set to 0
[VELOCITY_UPDATE] Before: velocity=0 0 0  motility_vector=0 0 0 
[VELOCITY_UPDATE] After: velocity=0 0 0 
[CONTAINER] update_position check: is_out_of_domain=0 is_movable=1
[CONTAINER] CALLING update_position with dt=0.1 current pos=1.5 0 0 
[POSITION_UPDATE] old_pos=1.5 0 0  velocity=0 0 0  prev_velocity=0 0 0 
[POSITION_UPDATE] new_pos=1.5 0 0  displacement=0
[POSITION_UPDATE] Resetting velocity from 0 0 0  to 0
[CONTAINER] After update_position: new pos=1.5 0 0 
current simulated time: 1 min (max: 4 min)
total agents: 1
interval wall time: 0 days, 0 hours, 0 minutes, and 0.00484131 seconds 
total wall time: 0 days, 0 hours, 0 minutes, and 0.0427262 seconds 

[CUSTOM_FUNC] time=1 dt=0.1
[CUSTOM_FUNC] DISABLING MOTION at time=1
[CUSTOM_FUNC] velocity=0 0 0  migration_speed=0 motility_vector=0 0 0  is_motile=0
[CONTAINER] update_velocity check: functions.update_velocity=SET is_out_of_domain=0 is_movable=1
[CONTAINER] CALLING update_velocity with dt=0.1
[UPDATE_MOTILITY] Cell is NOT motile, motility_vector set to 0
[VELOCITY_UPDATE] Before: velocity=0 0 0  motility_vector=0 0 0 
[VELOCITY_UPDATE] After: velocity=0 0 0 
[CONTAINER] update_position check: is_out_of_domain=0 is_movable=1
[CONTAINER] CALLING update_position with dt=0.1 current pos=1.5 0 0 
[POSITION_UPDATE] old_pos=1.5 0 0  velocity=0 0 0  prev_velocity=0 0 0 
[POSITION_UPDATE] new_pos=1.5 0 0  displacement=0
[POSITION_UPDATE] Resetting velocity from 0 0 0  to 0
[CONTAINER] After update_position: new pos=1.5 0 0 
current simulated time: 1.1 min (max: 4 min)
total agents: 1
interval wall time: 0 days, 0 hours, 0 minutes, and 0.00458283 seconds 
total wall time: 0 days, 0 hours, 0 minutes, and 0.04732 seconds 

[CUSTOM_FUNC] time=1.1 dt=0.1
[CUSTOM_FUNC] DISABLING MOTION at time=1.1
[CUSTOM_FUNC] velocity=0 0 0  migration_speed=0 motility_vector=0 0 0  is_motile=0
[CONTAINER] update_velocity check: functions.update_velocity=SET is_out_of_domain=0 is_movable=1
[CONTAINER] CALLING update_velocity with dt=0.1
[UPDATE_MOTILITY] Cell is NOT motile, motility_vector set to 0
[VELOCITY_UPDATE] Before: velocity=0 0 0  motility_vector=0 0 0 
[VELOCITY_UPDATE] After: velocity=0 0 0 
[CONTAINER] update_position check: is_out_of_domain=0 is_movable=1
[CONTAINER] CALLING update_position with dt=0.1 current pos=1.5 0 0 
[POSITION_UPDATE] old_pos=1.5 0 0  velocity=0 0 0  prev_velocity=0 0 0 
[POSITION_UPDATE] new_pos=1.5 0 0  displacement=0
[POSITION_UPDATE] Resetting velocity from 0 0 0  to 0
[CONTAINER] After update_position: new pos=1.5 0 0 
current simulated time: 1.2 min (max: 4 min)
total agents: 1
interval wall time: 0 days, 0 hours, 0 minutes, and 0.00456582 seconds 
total wall time: 0 days, 0 hours, 0 minutes, and 0.0518964 seconds 

[CUSTOM_FUNC] time=1.2 dt=0.1
[CUSTOM_FUNC] DISABLING MOTION at time=1.2
[CUSTOM_FUNC] velocity=0 0 0  migration_speed=0 motility_vector=0 0 0  is_motile=0
[CONTAINER] update_velocity check: functions.update_velocity=SET is_out_of_domain=0 is_movable=1
[CONTAINER] CALLING update_velocity with dt=0.1
[UPDATE_MOTILITY] Cell is NOT motile, motility_vector set to 0
[VELOCITY_UPDATE] Before: velocity=0 0 0  motility_vector=0 0 0 
[VELOCITY_UPDATE] After: velocity=0 0 0 
[CONTAINER] update_position check: is_out_of_domain=0 is_movable=1
[CONTAINER] CALLING update_position with dt=0.1 current pos=1.5 0 0 
[POSITION_UPDATE] old_pos=1.5 0 0  velocity=0 0 0  prev_velocity=0 0 0 
[POSITION_UPDATE] new_pos=1.5 0 0  displacement=0
[POSITION_UPDATE] Resetting velocity from 0 0 0  to 0
[CONTAINER] After update_position: new pos=1.5 0 0 
current simulated time: 1.3 min (max: 4 min)
total agents: 1
interval wall time: 0 days, 0 hours, 0 minutes, and 0.0037269 seconds 
total wall time: 0 days, 0 hours, 0 minutes, and 0.0556352 seconds 

[CUSTOM_FUNC] time=1.3 dt=0.1
[CUSTOM_FUNC] DISABLING MOTION at time=1.3
[CUSTOM_FUNC] velocity=0 0 0  migration_speed=0 motility_vector=0 0 0  is_motile=0
[CONTAINER] update_velocity check: functions.update_velocity=SET is_out_of_domain=0 is_movable=1
[CONTAINER] CALLING update_velocity with dt=0.1
[UPDATE_MOTILITY] Cell is NOT motile, motility_vector set to 0
[VELOCITY_UPDATE] Before: velocity=0 0 0  motility_vector=0 0 0 
[VELOCITY_UPDATE] After: velocity=0 0 0 
[CONTAINER] update_position check: is_out_of_domain=0 is_movable=1
[CONTAINER] CALLING update_position with dt=0.1 current pos=1.5 0 0 
[POSITION_UPDATE] old_pos=1.5 0 0  velocity=0 0 0  prev_velocity=0 0 0 
[POSITION_UPDATE] new_pos=1.5 0 0  displacement=0
[POSITION_UPDATE] Resetting velocity from 0 0 0  to 0
[CONTAINER] After update_position: new pos=1.5 0 0 
current simulated time: 1.4 min (max: 4 min)
total agents: 1
interval wall time: 0 days, 0 hours, 0 minutes, and 0.0052817 seconds 
total wall time: 0 days, 0 hours, 0 minutes, and 0.0609339 seconds 

[CUSTOM_FUNC] time=1.4 dt=0.1
[CUSTOM_FUNC] DISABLING MOTION at time=1.4
[CUSTOM_FUNC] velocity=0 0 0  migration_speed=0 motility_vector=0 0 0  is_motile=0
[CONTAINER] update_velocity check: functions.update_velocity=SET is_out_of_domain=0 is_movable=1
[CONTAINER] CALLING update_velocity with dt=0.1
[UPDATE_MOTILITY] Cell is NOT motile, motility_vector set to 0
[VELOCITY_UPDATE] Before: velocity=0 0 0  motility_vector=0 0 0 
[VELOCITY_UPDATE] After: velocity=0 0 0 
[CONTAINER] update_position check: is_out_of_domain=0 is_movable=1
[CONTAINER] CALLING update_position with dt=0.1 current pos=1.5 0 0 
[POSITION_UPDATE] old_pos=1.5 0 0  velocity=0 0 0  prev_velocity=0 0 0 
[POSITION_UPDATE] new_pos=1.5 0 0  displacement=0
[POSITION_UPDATE] Resetting velocity from 0 0 0  to 0
[CONTAINER] After update_position: new pos=1.5 0 0 
current simulated time: 1.5 min (max: 4 min)
total agents: 1
interval wall time: 0 days, 0 hours, 0 minutes, and 0.00600614 seconds 
total wall time: 0 days, 0 hours, 0 minutes, and 0.0669532 seconds 

[CUSTOM_FUNC] time=1.5 dt=0.1
[CUSTOM_FUNC] DISABLING MOTION at time=1.5
[CUSTOM_FUNC] velocity=0 0 0  migration_speed=0 motility_vector=0 0 0  is_motile=0
[CONTAINER] update_velocity check: functions.update_velocity=SET is_out_of_domain=0 is_movable=1
[CONTAINER] CALLING update_velocity with dt=0.1
[UPDATE_MOTILITY] Cell is NOT motile, motility_vector set to 0
[VELOCITY_UPDATE] Before: velocity=0 0 0  motility_vector=0 0 0 
[VELOCITY_UPDATE] After: velocity=0 0 0 
[CONTAINER] update_position check: is_out_of_domain=0 is_movable=1
[CONTAINER] CALLING update_position with dt=0.1 current pos=1.5 0 0 
[POSITION_UPDATE] old_pos=1.5 0 0  velocity=0 0 0  prev_velocity=0 0 0 
[POSITION_UPDATE] new_pos=1.5 0 0  displacement=0
[POSITION_UPDATE] Resetting velocity from 0 0 0  to 0
[CONTAINER] After update_position: new pos=1.5 0 0 
current simulated time: 1.6 min (max: 4 min)
total agents: 1
interval wall time: 0 days, 0 hours, 0 minutes, and 0.00345988 seconds 
total wall time: 0 days, 0 hours, 0 minutes, and 0.0704249 seconds 

[CUSTOM_FUNC] time=1.6 dt=0.1
[CUSTOM_FUNC] DISABLING MOTION at time=1.6
[CUSTOM_FUNC] velocity=0 0 0  migration_speed=0 motility_vector=0 0 0  is_motile=0
[CONTAINER] update_velocity check: functions.update_velocity=SET is_out_of_domain=0 is_movable=1
[CONTAINER] CALLING update_velocity with dt=0.1
[UPDATE_MOTILITY] Cell is NOT motile, motility_vector set to 0
[VELOCITY_UPDATE] Before: velocity=0 0 0  motility_vector=0 0 0 
[VELOCITY_UPDATE] After: velocity=0 0 0 
[CONTAINER] update_position check: is_out_of_domain=0 is_movable=1
[CONTAINER] CALLING update_position with dt=0.1 current pos=1.5 0 0 
[POSITION_UPDATE] old_pos=1.5 0 0  velocity=0 0 0  prev_velocity=0 0 0 
[POSITION_UPDATE] new_pos=1.5 0 0  displacement=0
[POSITION_UPDATE] Resetting velocity from 0 0 0  to 0
[CONTAINER] After update_position: new pos=1.5 0 0 
current simulated time: 1.7 min (max: 4 min)
total agents: 1
interval wall time: 0 days, 0 hours, 0 minutes, and 0.00296548 seconds 
total wall time: 0 days, 0 hours, 0 minutes, and 0.0733997 seconds 

[CUSTOM_FUNC] time=1.7 dt=0.1
[CUSTOM_FUNC] DISABLING MOTION at time=1.7
[CUSTOM_FUNC] velocity=0 0 0  migration_speed=0 motility_vector=0 0 0  is_motile=0
[CONTAINER] update_velocity check: functions.update_velocity=SET is_out_of_domain=0 is_movable=1
[CONTAINER] CALLING update_velocity with dt=0.1
[UPDATE_MOTILITY] Cell is NOT motile, motility_vector set to 0
[VELOCITY_UPDATE] Before: velocity=0 0 0  motility_vector=0 0 0 
[VELOCITY_UPDATE] After: velocity=0 0 0 
[CONTAINER] update_position check: is_out_of_domain=0 is_movable=1
[CONTAINER] CALLING update_position with dt=0.1 current pos=1.5 0 0 
[POSITION_UPDATE] old_pos=1.5 0 0  velocity=0 0 0  prev_velocity=0 0 0 
[POSITION_UPDATE] new_pos=1.5 0 0  displacement=0
[POSITION_UPDATE] Resetting velocity from 0 0 0  to 0
[CONTAINER] After update_position: new pos=1.5 0 0 
current simulated time: 1.8 min (max: 4 min)
total agents: 1
interval wall time: 0 days, 0 hours, 0 minutes, and 0.002991 seconds 
total wall time: 0 days, 0 hours, 0 minutes, and 0.0764001 seconds 

[CUSTOM_FUNC] time=1.8 dt=0.1
[CUSTOM_FUNC] DISABLING MOTION at time=1.8
[CUSTOM_FUNC] velocity=0 0 0  migration_speed=0 motility_vector=0 0 0  is_motile=0
[CONTAINER] update_velocity check: functions.update_velocity=SET is_out_of_domain=0 is_movable=1
[CONTAINER] CALLING update_velocity with dt=0.1
[UPDATE_MOTILITY] Cell is NOT motile, motility_vector set to 0
[VELOCITY_UPDATE] Before: velocity=0 0 0  motility_vector=0 0 0 
[VELOCITY_UPDATE] After: velocity=0 0 0 
[CONTAINER] update_position check: is_out_of_domain=0 is_movable=1
[CONTAINER] CALLING update_position with dt=0.1 current pos=1.5 0 0 
[POSITION_UPDATE] old_pos=1.5 0 0  velocity=0 0 0  prev_velocity=0 0 0 
[POSITION_UPDATE] new_pos=1.5 0 0  displacement=0
[POSITION_UPDATE] Resetting velocity from 0 0 0  to 0
[CONTAINER] After update_position: new pos=1.5 0 0 
current simulated time: 1.9 min (max: 4 min)
total agents: 1
interval wall time: 0 days, 0 hours, 0 minutes, and 0.00267609 seconds 
total wall time: 0 days, 0 hours, 0 minutes, and 0.0790843 seconds 

[CUSTOM_FUNC] time=1.9 dt=0.1
[CUSTOM_FUNC] DISABLING MOTION at time=1.9
[CUSTOM_FUNC] velocity=0 0 0  migration_speed=0 motility_vector=0 0 0  is_motile=0
[CONTAINER] update_velocity check: functions.update_velocity=SET is_out_of_domain=0 is_movable=1
[CONTAINER] CALLING update_velocity with dt=0.1
[UPDATE_MOTILITY] Cell is NOT motile, motility_vector set to 0
[VELOCITY_UPDATE] Before: velocity=0 0 0  motility_vector=0 0 0 
[VELOCITY_UPDATE] After: velocity=0 0 0 
[CONTAINER] update_position check: is_out_of_domain=0 is_movable=1
[CONTAINER] CALLING update_position with dt=0.1 current pos=1.5 0 0 
[POSITION_UPDATE] old_pos=1.5 0 0  velocity=0 0 0  prev_velocity=0 0 0 
[POSITION_UPDATE] new_pos=1.5 0 0  displacement=0
[POSITION_UPDATE] Resetting velocity from 0 0 0  to 0
[CONTAINER] After update_position: new pos=1.5 0 0 
current simulated time: 2 min (max: 4 min)
total agents: 1
interval wall time: 0 days, 0 hours, 0 minutes, and 0.0025169 seconds 
total wall time: 0 days, 0 hours, 0 minutes, and 0.0816096 seconds 

[CUSTOM_FUNC] time=2 dt=0.1
[CUSTOM_FUNC] DISABLING MOTION at time=2
[CUSTOM_FUNC] velocity=0 0 0  migration_speed=0 motility_vector=0 0 0  is_motile=0
[CONTAINER] update_velocity check: functions.update_velocity=SET is_out_of_domain=0 is_movable=1
[CONTAINER] CALLING update_velocity with dt=0.1
[UPDATE_MOTILITY] Cell is NOT motile, motility_vector set to 0
[VELOCITY_UPDATE] Before: velocity=0 0 0  motility_vector=0 0 0 
[VELOCITY_UPDATE] After: velocity=0 0 0 
[CONTAINER] update_position check: is_out_of_domain=0 is_movable=1
[CONTAINER] CALLING update_position with dt=0.1 current pos=1.5 0 0 
[POSITION_UPDATE] old_pos=1.5 0 0  velocity=0 0 0  prev_velocity=0 0 0 
[POSITION_UPDATE] new_pos=1.5 0 0  displacement=0
[POSITION_UPDATE] Resetting velocity from 0 0 0  to 0
[CONTAINER] After update_position: new pos=1.5 0 0 
current simulated time: 2.1 min (max: 4 min)
total agents: 1
interval wall time: 0 days, 0 hours, 0 minutes, and 0.00220767 seconds 
total wall time: 0 days, 0 hours, 0 minutes, and 0.0838241 seconds 

[CUSTOM_FUNC] time=2.1 dt=0.1
[CUSTOM_FUNC] DISABLING MOTION at time=2.1
[CUSTOM_FUNC] velocity=0 0 0  migration_speed=0 motility_vector=0 0 0  is_motile=0
[CONTAINER] update_velocity check: functions.update_velocity=SET is_out_of_domain=0 is_movable=1
[CONTAINER] CALLING update_velocity with dt=0.1
[UPDATE_MOTILITY] Cell is NOT motile, motility_vector set to 0
[VELOCITY_UPDATE] Before: velocity=0 0 0  motility_vector=0 0 0 
[VELOCITY_UPDATE] After: velocity=0 0 0 
[CONTAINER] update_position check: is_out_of_domain=0 is_movable=1
[CONTAINER] CALLING update_position with dt=0.1 current pos=1.5 0 0 
[POSITION_UPDATE] old_pos=1.5 0 0  velocity=0 0 0  prev_velocity=0 0 0 
[POSITION_UPDATE] new_pos=1.5 0 0  displacement=0
[POSITION_UPDATE] Resetting velocity from 0 0 0  to 0
[CONTAINER] After update_position: new pos=1.5 0 0 
current simulated time: 2.2 min (max: 4 min)
total agents: 1
interval wall time: 0 days, 0 hours, 0 minutes, and 0.00231283 seconds 
total wall time: 0 days, 0 hours, 0 minutes, and 0.0862333 seconds 

[CUSTOM_FUNC] time=2.2 dt=0.1
[CUSTOM_FUNC] DISABLING MOTION at time=2.2
[CUSTOM_FUNC] velocity=0 0 0  migration_speed=0 motility_vector=0 0 0  is_motile=0
[CONTAINER] update_velocity check: functions.update_velocity=SET is_out_of_domain=0 is_movable=1
[CONTAINER] CALLING update_velocity with dt=0.1
[UPDATE_MOTILITY] Cell is NOT motile, motility_vector set to 0
[VELOCITY_UPDATE] Before: velocity=0 0 0  motility_vector=0 0 0 
[VELOCITY_UPDATE] After: velocity=0 0 0 
[CONTAINER] update_position check: is_out_of_domain=0 is_movable=1
[CONTAINER] CALLING update_position with dt=0.1 current pos=1.5 0 0 
[POSITION_UPDATE] old_pos=1.5 0 0  velocity=0 0 0  prev_velocity=0 0 0 
[POSITION_UPDATE] new_pos=1.5 0 0  displacement=0
[POSITION_UPDATE] Resetting velocity from 0 0 0  to 0
[CONTAINER] After update_position: new pos=1.5 0 0 
current simulated time: 2.3 min (max: 4 min)
total agents: 1
interval wall time: 0 days, 0 hours, 0 minutes, and 0.00195321 seconds 
total wall time: 0 days, 0 hours, 0 minutes, and 0.0881936 seconds 

[CUSTOM_FUNC] time=2.3 dt=0.1
[CUSTOM_FUNC] DISABLING MOTION at time=2.3
[CUSTOM_FUNC] velocity=0 0 0  migration_speed=0 motility_vector=0 0 0  is_motile=0
[CONTAINER] update_velocity check: functions.update_velocity=SET is_out_of_domain=0 is_movable=1
[CONTAINER] CALLING update_velocity with dt=0.1
[UPDATE_MOTILITY] Cell is NOT motile, motility_vector set to 0
[VELOCITY_UPDATE] Before: velocity=0 0 0  motility_vector=0 0 0 
[VELOCITY_UPDATE] After: velocity=0 0 0 
[CONTAINER] update_position check: is_out_of_domain=0 is_movable=1
[CONTAINER] CALLING update_position with dt=0.1 current pos=1.5 0 0 
[POSITION_UPDATE] old_pos=1.5 0 0  velocity=0 0 0  prev_velocity=0 0 0 
[POSITION_UPDATE] new_pos=1.5 0 0  displacement=0
[POSITION_UPDATE] Resetting velocity from 0 0 0  to 0
[CONTAINER] After update_position: new pos=1.5 0 0 
current simulated time: 2.4 min (max: 4 min)
total agents: 1
interval wall time: 0 days, 0 hours, 0 minutes, and 0.00182865 seconds 
total wall time: 0 days, 0 hours, 0 minutes, and 0.0900287 seconds 

[CUSTOM_FUNC] time=2.4 dt=0.1
[CUSTOM_FUNC] DISABLING MOTION at time=2.4
[CUSTOM_FUNC] velocity=0 0 0  migration_speed=0 motility_vector=0 0 0  is_motile=0
[CONTAINER] update_velocity check: functions.update_velocity=SET is_out_of_domain=0 is_movable=1
[CONTAINER] CALLING update_velocity with dt=0.1
[UPDATE_MOTILITY] Cell is NOT motile, motility_vector set to 0
[VELOCITY_UPDATE] Before: velocity=0 0 0  motility_vector=0 0 0 
[VELOCITY_UPDATE] After: velocity=0 0 0 
[CONTAINER] update_position check: is_out_of_domain=0 is_movable=1
[CONTAINER] CALLING update_position with dt=0.1 current pos=1.5 0 0 
[POSITION_UPDATE] old_pos=1.5 0 0  velocity=0 0 0  prev_velocity=0 0 0 
[POSITION_UPDATE] new_pos=1.5 0 0  displacement=0
[POSITION_UPDATE] Resetting velocity from 0 0 0  to 0
[CONTAINER] After update_position: new pos=1.5 0 0 
current simulated time: 2.5 min (max: 4 min)
total agents: 1
interval wall time: 0 days, 0 hours, 0 minutes, and 0.001937 seconds 
total wall time: 0 days, 0 hours, 0 minutes, and 0.0919741 seconds 

[CUSTOM_FUNC] time=2.5 dt=0.1
[CUSTOM_FUNC] DISABLING MOTION at time=2.5
[CUSTOM_FUNC] velocity=0 0 0  migration_speed=0 motility_vector=0 0 0  is_motile=0
[CONTAINER] update_velocity check: functions.update_velocity=SET is_out_of_domain=0 is_movable=1
[CONTAINER] CALLING update_velocity with dt=0.1
[UPDATE_MOTILITY] Cell is NOT motile, motility_vector set to 0
[VELOCITY_UPDATE] Before: velocity=0 0 0  motility_vector=0 0 0 
[VELOCITY_UPDATE] After: velocity=0 0 0 
[CONTAINER] update_position check: is_out_of_domain=0 is_movable=1
[CONTAINER] CALLING update_position with dt=0.1 current pos=1.5 0 0 
[POSITION_UPDATE] old_pos=1.5 0 0  velocity=0 0 0  prev_velocity=0 0 0 
[POSITION_UPDATE] new_pos=1.5 0 0  displacement=0
[POSITION_UPDATE] Resetting velocity from 0 0 0  to 0
[CONTAINER] After update_position: new pos=1.5 0 0 
current simulated time: 2.6 min (max: 4 min)
total agents: 1
interval wall time: 0 days, 0 hours, 0 minutes, and 0.00180239 seconds 
total wall time: 0 days, 0 hours, 0 minutes, and 0.0937846 seconds 

[CUSTOM_FUNC] time=2.6 dt=0.1
[CUSTOM_FUNC] DISABLING MOTION at time=2.6
[CUSTOM_FUNC] velocity=0 0 0  migration_speed=0 motility_vector=0 0 0  is_motile=0
[CONTAINER] update_velocity check: functions.update_velocity=SET is_out_of_domain=0 is_movable=1
[CONTAINER] CALLING update_velocity with dt=0.1
[UPDATE_MOTILITY] Cell is NOT motile, motility_vector set to 0
[VELOCITY_UPDATE] Before: velocity=0 0 0  motility_vector=0 0 0 
[VELOCITY_UPDATE] After: velocity=0 0 0 
[CONTAINER] update_position check: is_out_of_domain=0 is_movable=1
[CONTAINER] CALLING update_position with dt=0.1 current pos=1.5 0 0 
[POSITION_UPDATE] old_pos=1.5 0 0  velocity=0 0 0  prev_velocity=0 0 0 
[POSITION_UPDATE] new_pos=1.5 0 0  displacement=0
[POSITION_UPDATE] Resetting velocity from 0 0 0  to 0
[CONTAINER] After update_position: new pos=1.5 0 0 
current simulated time: 2.7 min (max: 4 min)
total agents: 1
interval wall time: 0 days, 0 hours, 0 minutes, and 0.00154316 seconds 
total wall time: 0 days, 0 hours, 0 minutes, and 0.095333 seconds 

[CUSTOM_FUNC] time=2.7 dt=0.1
[CUSTOM_FUNC] DISABLING MOTION at time=2.7
[CUSTOM_FUNC] velocity=0 0 0  migration_speed=0 motility_vector=0 0 0  is_motile=0
[CONTAINER] update_velocity check: functions.update_velocity=SET is_out_of_domain=0 is_movable=1
[CONTAINER] CALLING update_velocity with dt=0.1
[UPDATE_MOTILITY] Cell is NOT motile, motility_vector set to 0
[VELOCITY_UPDATE] Before: velocity=0 0 0  motility_vector=0 0 0 
[VELOCITY_UPDATE] After: velocity=0 0 0 
[CONTAINER] update_position check: is_out_of_domain=0 is_movable=1
[CONTAINER] CALLING update_position with dt=0.1 current pos=1.5 0 0 
[POSITION_UPDATE] old_pos=1.5 0 0  velocity=0 0 0  prev_velocity=0 0 0 
[POSITION_UPDATE] new_pos=1.5 0 0  displacement=0
[POSITION_UPDATE] Resetting velocity from 0 0 0  to 0
[CONTAINER] After update_position: new pos=1.5 0 0 
current simulated time: 2.8 min (max: 4 min)
total agents: 1
interval wall time: 0 days, 0 hours, 0 minutes, and 0.00146736 seconds 
total wall time: 0 days, 0 hours, 0 minutes, and 0.0968054 seconds 

[CUSTOM_FUNC] time=2.8 dt=0.1
[CUSTOM_FUNC] DISABLING MOTION at time=2.8
[CUSTOM_FUNC] velocity=0 0 0  migration_speed=0 motility_vector=0 0 0  is_motile=0
[CONTAINER] update_velocity check: functions.update_velocity=SET is_out_of_domain=0 is_movable=1
[CONTAINER] CALLING update_velocity with dt=0.1
[UPDATE_MOTILITY] Cell is NOT motile, motility_vector set to 0
[VELOCITY_UPDATE] Before: velocity=0 0 0  motility_vector=0 0 0 
[VELOCITY_UPDATE] After: velocity=0 0 0 
[CONTAINER] update_position check: is_out_of_domain=0 is_movable=1
[CONTAINER] CALLING update_position with dt=0.1 current pos=1.5 0 0 
[POSITION_UPDATE] old_pos=1.5 0 0  velocity=0 0 0  prev_velocity=0 0 0 
[POSITION_UPDATE] new_pos=1.5 0 0  displacement=0
[POSITION_UPDATE] Resetting velocity from 0 0 0  to 0
[CONTAINER] After update_position: new pos=1.5 0 0 
current simulated time: 2.9 min (max: 4 min)
total agents: 1
interval wall time: 0 days, 0 hours, 0 minutes, and 0.00139134 seconds 
total wall time: 0 days, 0 hours, 0 minutes, and 0.0982014 seconds 

[CUSTOM_FUNC] time=2.9 dt=0.1
[CUSTOM_FUNC] DISABLING MOTION at time=2.9
[CUSTOM_FUNC] velocity=0 0 0  migration_speed=0 motility_vector=0 0 0  is_motile=0
[CONTAINER] update_velocity check: functions.update_velocity=SET is_out_of_domain=0 is_movable=1
[CONTAINER] CALLING update_velocity with dt=0.1
[UPDATE_MOTILITY] Cell is NOT motile, motility_vector set to 0
[VELOCITY_UPDATE] Before: velocity=0 0 0  motility_vector=0 0 0 
[VELOCITY_UPDATE] After: velocity=0 0 0 
[CONTAINER] update_position check: is_out_of_domain=0 is_movable=1
[CONTAINER] CALLING update_position with dt=0.1 current pos=1.5 0 0 
[POSITION_UPDATE] old_pos=1.5 0 0  velocity=0 0 0  prev_velocity=0 0 0 
[POSITION_UPDATE] new_pos=1.5 0 0  displacement=0
[POSITION_UPDATE] Resetting velocity from 0 0 0  to 0
[CONTAINER] After update_position: new pos=1.5 0 0 
current simulated time: 3 min (max: 4 min)
total agents: 1
interval wall time: 0 days, 0 hours, 0 minutes, and 0.00139769 seconds 
total wall time: 0 days, 0 hours, 0 minutes, and 0.0996038 seconds 

[CUSTOM_FUNC] time=3 dt=0.1
[CUSTOM_FUNC] DISABLING MOTION at time=3
[CUSTOM_FUNC] velocity=0 0 0  migration_speed=0 motility_vector=0 0 0  is_motile=0
[CONTAINER] update_velocity check: functions.update_velocity=SET is_out_of_domain=0 is_movable=1
[CONTAINER] CALLING update_velocity with dt=0.1
[UPDATE_MOTILITY] Cell is NOT motile, motility_vector set to 0
[VELOCITY_UPDATE] Before: velocity=0 0 0  motility_vector=0 0 0 
[VELOCITY_UPDATE] After: velocity=0 0 0 
[CONTAINER] update_position check: is_out_of_domain=0 is_movable=1
[CONTAINER] CALLING update_position with dt=0.1 current pos=1.5 0 0 
[POSITION_UPDATE] old_pos=1.5 0 0  velocity=0 0 0  prev_velocity=0 0 0 
[POSITION_UPDATE] new_pos=1.5 0 0  displacement=0
[POSITION_UPDATE] Resetting velocity from 0 0 0  to 0
[CONTAINER] After update_position: new pos=1.5 0 0 
current simulated time: 3.1 min (max: 4 min)
total agents: 1
interval wall time: 0 days, 0 hours, 0 minutes, and 0.00129949 seconds 
total wall time: 0 days, 0 hours, 0 minutes, and 0.100908 seconds 

[CUSTOM_FUNC] time=3.1 dt=0.1
[CUSTOM_FUNC] DISABLING MOTION at time=3.1
[CUSTOM_FUNC] velocity=0 0 0  migration_speed=0 motility_vector=0 0 0  is_motile=0
[CONTAINER] update_velocity check: functions.update_velocity=SET is_out_of_domain=0 is_movable=1
[CONTAINER] CALLING update_velocity with dt=0.1
[UPDATE_MOTILITY] Cell is NOT motile, motility_vector set to 0
[VELOCITY_UPDATE] Before: velocity=0 0 0  motility_vector=0 0 0 
[VELOCITY_UPDATE] After: velocity=0 0 0 
[CONTAINER] update_position check: is_out_of_domain=0 is_movable=1
[CONTAINER] CALLING update_position with dt=0.1 current pos=1.5 0 0 
[POSITION_UPDATE] old_pos=1.5 0 0  velocity=0 0 0  prev_velocity=0 0 0 
[POSITION_UPDATE] new_pos=1.5 0 0  displacement=0
[POSITION_UPDATE] Resetting velocity from 0 0 0  to 0
[CONTAINER] After update_position: new pos=1.5 0 0 
current simulated time: 3.2 min (max: 4 min)
total agents: 1
interval wall time: 0 days, 0 hours, 0 minutes, and 0.00122236 seconds 
total wall time: 0 days, 0 hours, 0 minutes, and 0.102134 seconds 

[CUSTOM_FUNC] time=3.2 dt=0.1
[CUSTOM_FUNC] DISABLING MOTION at time=3.2
[CUSTOM_FUNC] velocity=0 0 0  migration_speed=0 motility_vector=0 0 0  is_motile=0
[CONTAINER] update_velocity check: functions.update_velocity=SET is_out_of_domain=0 is_movable=1
[CONTAINER] CALLING update_velocity with dt=0.1
[UPDATE_MOTILITY] Cell is NOT motile, motility_vector set to 0
[VELOCITY_UPDATE] Before: velocity=0 0 0  motility_vector=0 0 0 
[VELOCITY_UPDATE] After: velocity=0 0 0 
[CONTAINER] update_position check: is_out_of_domain=0 is_movable=1
[CONTAINER] CALLING update_position with dt=0.1 current pos=1.5 0 0 
[POSITION_UPDATE] old_pos=1.5 0 0  velocity=0 0 0  prev_velocity=0 0 0 
[POSITION_UPDATE] new_pos=1.5 0 0  displacement=0
[POSITION_UPDATE] Resetting velocity from 0 0 0  to 0
[CONTAINER] After update_position: new pos=1.5 0 0 
current simulated time: 3.3 min (max: 4 min)
total agents: 1
interval wall time: 0 days, 0 hours, 0 minutes, and 0.00114977 seconds 
total wall time: 0 days, 0 hours, 0 minutes, and 0.103288 seconds 

[CUSTOM_FUNC] time=3.3 dt=0.1
[CUSTOM_FUNC] DISABLING MOTION at time=3.3
[CUSTOM_FUNC] velocity=0 0 0  migration_speed=0 motility_vector=0 0 0  is_motile=0
[CONTAINER] update_velocity check: functions.update_velocity=SET is_out_of_domain=0 is_movable=1
[CONTAINER] CALLING update_velocity with dt=0.1
[UPDATE_MOTILITY] Cell is NOT motile, motility_vector set to 0
[VELOCITY_UPDATE] Before: velocity=0 0 0  motility_vector=0 0 0 
[VELOCITY_UPDATE] After: velocity=0 0 0 
[CONTAINER] update_position check: is_out_of_domain=0 is_movable=1
[CONTAINER] CALLING update_position with dt=0.1 current pos=1.5 0 0 
[POSITION_UPDATE] old_pos=1.5 0 0  velocity=0 0 0  prev_velocity=0 0 0 
[POSITION_UPDATE] new_pos=1.5 0 0  displacement=0
[POSITION_UPDATE] Resetting velocity from 0 0 0  to 0
[CONTAINER] After update_position: new pos=1.5 0 0 
current simulated time: 3.4 min (max: 4 min)
total agents: 1
interval wall time: 0 days, 0 hours, 0 minutes, and 0.00105996 seconds 
total wall time: 0 days, 0 hours, 0 minutes, and 0.104351 seconds 

[CUSTOM_FUNC] time=3.4 dt=0.1
[CUSTOM_FUNC] DISABLING MOTION at time=3.4
[CUSTOM_FUNC] velocity=0 0 0  migration_speed=0 motility_vector=0 0 0  is_motile=0
[CONTAINER] update_velocity check: functions.update_velocity=SET is_out_of_domain=0 is_movable=1
[CONTAINER] CALLING update_velocity with dt=0.1
[UPDATE_MOTILITY] Cell is NOT motile, motility_vector set to 0
[VELOCITY_UPDATE] Before: velocity=0 0 0  motility_vector=0 0 0 
[VELOCITY_UPDATE] After: velocity=0 0 0 
[CONTAINER] update_position check: is_out_of_domain=0 is_movable=1
[CONTAINER] CALLING update_position with dt=0.1 current pos=1.5 0 0 
[POSITION_UPDATE] old_pos=1.5 0 0  velocity=0 0 0  prev_velocity=0 0 0 
[POSITION_UPDATE] new_pos=1.5 0 0  displacement=0
[POSITION_UPDATE] Resetting velocity from 0 0 0  to 0
[CONTAINER] After update_position: new pos=1.5 0 0 
current simulated time: 3.5 min (max: 4 min)
total agents: 1
interval wall time: 0 days, 0 hours, 0 minutes, and 0.001022 seconds 
total wall time: 0 days, 0 hours, 0 minutes, and 0.105376 seconds 

[CUSTOM_FUNC] time=3.5 dt=0.1
[CUSTOM_FUNC] DISABLING MOTION at time=3.5
[CUSTOM_FUNC] velocity=0 0 0  migration_speed=0 motility_vector=0 0 0  is_motile=0
[CONTAINER] update_velocity check: functions.update_velocity=SET is_out_of_domain=0 is_movable=1
[CONTAINER] CALLING update_velocity with dt=0.1
[UPDATE_MOTILITY] Cell is NOT motile, motility_vector set to 0
[VELOCITY_UPDATE] Before: velocity=0 0 0  motility_vector=0 0 0 
[VELOCITY_UPDATE] After: velocity=0 0 0 
[CONTAINER] update_position check: is_out_of_domain=0 is_movable=1
[CONTAINER] CALLING update_position with dt=0.1 current pos=1.5 0 0 
[POSITION_UPDATE] old_pos=1.5 0 0  velocity=0 0 0  prev_velocity=0 0 0 
[POSITION_UPDATE] new_pos=1.5 0 0  displacement=0
[POSITION_UPDATE] Resetting velocity from 0 0 0  to 0
[CONTAINER] After update_position: new pos=1.5 0 0 
current simulated time: 3.6 min (max: 4 min)
total agents: 1
interval wall time: 0 days, 0 hours, 0 minutes, and 0.000969422 seconds 
total wall time: 0 days, 0 hours, 0 minutes, and 0.106349 seconds 

[CUSTOM_FUNC] time=3.6 dt=0.1
[CUSTOM_FUNC] DISABLING MOTION at time=3.6
[CUSTOM_FUNC] velocity=0 0 0  migration_speed=0 motility_vector=0 0 0  is_motile=0
[CONTAINER] update_velocity check: functions.update_velocity=SET is_out_of_domain=0 is_movable=1
[CONTAINER] CALLING update_velocity with dt=0.1
[UPDATE_MOTILITY] Cell is NOT motile, motility_vector set to 0
[VELOCITY_UPDATE] Before: velocity=0 0 0  motility_vector=0 0 0 
[VELOCITY_UPDATE] After: velocity=0 0 0 
[CONTAINER] update_position check: is_out_of_domain=0 is_movable=1
[CONTAINER] CALLING update_position with dt=0.1 current pos=1.5 0 0 
[POSITION_UPDATE] old_pos=1.5 0 0  velocity=0 0 0  prev_velocity=0 0 0 
[POSITION_UPDATE] new_pos=1.5 0 0  displacement=0
[POSITION_UPDATE] Resetting velocity from 0 0 0  to 0
[CONTAINER] After update_position: new pos=1.5 0 0 
current simulated time: 3.7 min (max: 4 min)
total agents: 1
interval wall time: 0 days, 0 hours, 0 minutes, and 0.000944214 seconds 
total wall time: 0 days, 0 hours, 0 minutes, and 0.107296 seconds 

[CUSTOM_FUNC] time=3.7 dt=0.1
[CUSTOM_FUNC] DISABLING MOTION at time=3.7
[CUSTOM_FUNC] velocity=0 0 0  migration_speed=0 motility_vector=0 0 0  is_motile=0
[CONTAINER] update_velocity check: functions.update_velocity=SET is_out_of_domain=0 is_movable=1
[CONTAINER] CALLING update_velocity with dt=0.1
[UPDATE_MOTILITY] Cell is NOT motile, motility_vector set to 0
[VELOCITY_UPDATE] Before: velocity=0 0 0  motility_vector=0 0 0 
[VELOCITY_UPDATE] After: velocity=0 0 0 
[CONTAINER] update_position check: is_out_of_domain=0 is_movable=1
[CONTAINER] CALLING update_position with dt=0.1 current pos=1.5 0 0 
[POSITION_UPDATE] old_pos=1.5 0 0  velocity=0 0 0  prev_velocity=0 0 0 
[POSITION_UPDATE] new_pos=1.5 0 0  displacement=0
[POSITION_UPDATE] Resetting velocity from 0 0 0  to 0
[CONTAINER] After update_position: new pos=1.5 0 0 
current simulated time: 3.8 min (max: 4 min)
total agents: 1
interval wall time: 0 days, 0 hours, 0 minutes, and 0.000927722 seconds 
total wall time: 0 days, 0 hours, 0 minutes, and 0.108227 seconds 

[CUSTOM_FUNC] time=3.8 dt=0.1
[CUSTOM_FUNC] DISABLING MOTION at time=3.8
[CUSTOM_FUNC] velocity=0 0 0  migration_speed=0 motility_vector=0 0 0  is_motile=0
[CONTAINER] update_velocity check: functions.update_velocity=SET is_out_of_domain=0 is_movable=1
[CONTAINER] CALLING update_velocity with dt=0.1
[UPDATE_MOTILITY] Cell is NOT motile, motility_vector set to 0
[VELOCITY_UPDATE] Before: velocity=0 0 0  motility_vector=0 0 0 
[VELOCITY_UPDATE] After: velocity=0 0 0 
[CONTAINER] update_position check: is_out_of_domain=0 is_movable=1
[CONTAINER] CALLING update_position with dt=0.1 current pos=1.5 0 0 
[POSITION_UPDATE] old_pos=1.5 0 0  velocity=0 0 0  prev_velocity=0 0 0 
[POSITION_UPDATE] new_pos=1.5 0 0  displacement=0
[POSITION_UPDATE] Resetting velocity from 0 0 0  to 0
[CONTAINER] After update_position: new pos=1.5 0 0 
current simulated time: 3.9 min (max: 4 min)
total agents: 1
interval wall time: 0 days, 0 hours, 0 minutes, and 0.000917086 seconds 
total wall time: 0 days, 0 hours, 0 minutes, and 0.109148 seconds 

[CUSTOM_FUNC] time=3.9 dt=0.1
[CUSTOM_FUNC] DISABLING MOTION at time=3.9
[CUSTOM_FUNC] velocity=0 0 0  migration_speed=0 motility_vector=0 0 0  is_motile=0
[CONTAINER] update_velocity check: functions.update_velocity=SET is_out_of_domain=0 is_movable=1
[CONTAINER] CALLING update_velocity with dt=0.1
[UPDATE_MOTILITY] Cell is NOT motile, motility_vector set to 0
[VELOCITY_UPDATE] Before: velocity=0 0 0  motility_vector=0 0 0 
[VELOCITY_UPDATE] After: velocity=0 0 0 
[CONTAINER] update_position check: is_out_of_domain=0 is_movable=1
[CONTAINER] CALLING update_position with dt=0.1 current pos=1.5 0 0 
[POSITION_UPDATE] old_pos=1.5 0 0  velocity=0 0 0  prev_velocity=0 0 0 
[POSITION_UPDATE] new_pos=1.5 0 0  displacement=0
[POSITION_UPDATE] Resetting velocity from 0 0 0  to 0
[CONTAINER] After update_position: new pos=1.5 0 0 
current simulated time: 4 min (max: 4 min)
total agents: 1
interval wall time: 0 days, 0 hours, 0 minutes, and 0.000884658 seconds 
total wall time: 0 days, 0 hours, 0 minutes, and 0.110035 seconds 

[CUSTOM_FUNC] time=4 dt=0.1
[CUSTOM_FUNC] DISABLING MOTION at time=4
[CUSTOM_FUNC] velocity=0 0 0  migration_speed=0 motility_vector=0 0 0  is_motile=0
[CONTAINER] update_velocity check: functions.update_velocity=SET is_out_of_domain=0 is_movable=1
[CONTAINER] CALLING update_velocity with dt=0.1
[UPDATE_MOTILITY] Cell is NOT motile, motility_vector set to 0
[VELOCITY_UPDATE] Before: velocity=0 0 0  motility_vector=0 0 0 
[VELOCITY_UPDATE] After: velocity=0 0 0 
[CONTAINER] update_position check: is_out_of_domain=0 is_movable=1
[CONTAINER] CALLING update_position with dt=0.1 current pos=1.5 0 0 
[POSITION_UPDATE] old_pos=1.5 0 0  velocity=0 0 0  prev_velocity=0 0 0 
[POSITION_UPDATE] new_pos=1.5 0 0  displacement=0
[POSITION_UPDATE] Resetting velocity from 0 0 0  to 0
[CONTAINER] After update_position: new pos=1.5 0 0 

Total simulation runtime: 
0 days, 0 hours, 0 minutes, and 0.110736 seconds 